// Vitest Snapshot v1, https://vitest.dev/guide/snapshot.html

exports[`LGraph configure() > LGraph matches previous snapshot (normal configure() usage) > configuredBasicGraph 1`] = `
LGraph {
  "catch_errors": true,
  "config": {},
  "elapsed_time": 0.01,
  "errors_in_execution": undefined,
  "events": CustomEventTarget {},
  "execution_time": undefined,
  "execution_timer_id": undefined,
  "extra": {},
  "filter": undefined,
  "fixedtime": 0,
  "fixedtime_lapse": 0.01,
  "globaltime": 0,
  "groupsStore": [
    LGraphGroup {
      "bounding": Float32Array [
        20,
        20,
        1,
        3,
      ],
      "childrenStore": Set {},
      "color": "#6029aa",
      "flags": {},
      "font": undefined,
      "font_size": 20,
      "graph": [Circular],
      "id": 123,
      "isPointInside": [Function],
      "lastTitleBgColor": undefined,
      "posStore": Float32Array [
        20,
        20,
      ],
      "selected": undefined,
      "setDirtyCanvas": [Function],
      "sizeStore": Float32Array [
        1,
        3,
      ],
      "title": "A group to test with",
      "titleTextColor": "#335",
    },
  ],
  "id": "ca9da7d8-fddd-4707-ad32-67be9be13140",
  "iteration": 0,
  "last_trigger_time": undefined,
  "last_update_time": 0,
  "links": Map {},
  "linksStore": Map {},
  "list_of_graphcanvas": null,
  "nodesStore": [
    LGraphNode {
      "action_call": undefined,
      "action_triggered": undefined,
      "badgePosition": "top-left",
      "badges": [],
      "bgcolor": undefined,
      "block_delete": undefined,
      "boxcolor": undefined,
      "clip_area": undefined,
      "clonable": undefined,
      "collapsed_width": undefined,
      "color": undefined,
      "console": undefined,
      "exec_version": undefined,
      "execute_triggered": undefined,
      "flags": {},
      "freeWidgetSpace": undefined,
      "gotFocusAt": undefined,
      "graph": [Circular],
      "has_errors": undefined,
      "id": 1,
      "ignore_remove": undefined,
      "inputs": [],
      "last_serialization": undefined,
      "level": undefined,
      "locked": undefined,
      "lostFocusAt": undefined,
      "mode": 0,
      "mouseOver": undefined,
      "order": 0,
      "outputs": [],
      "posSizeStore": Float32Array [
        10,
        10,
        140,
        60,
      ],
      "posStore": Float32Array [
        10,
        10,
      ],
      "progress": undefined,
      "properties": {},
      "properties_info": [],
      "redraw_on_mouse": undefined,
      "removable": undefined,
      "resizable": undefined,
      "selected": undefined,
      "serialize_widgets": undefined,
      "shapeStore": undefined,
      "showAdvanced": undefined,
      "sizeStore": Float32Array [
        140,
        60,
      ],
      "strokeStyles": {
        "error": [Function],
        "selected": [Function],
      },
      "title": "LGraphNode",
      "title_buttons": [],
      "type": "mustBeSet",
      "widgetSlotsDirty": false,
      "widgets": undefined,
      "widgets_start_y": undefined,
      "widgets_up": undefined,
    },
  ],
  "nodes_actioning": [],
  "nodes_by_id": {
    "1": LGraphNode {
      "action_call": undefined,
      "action_triggered": undefined,
      "badgePosition": "top-left",
      "badges": [],
      "bgcolor": undefined,
      "block_delete": undefined,
      "boxcolor": undefined,
      "clip_area": undefined,
      "clonable": undefined,
      "collapsed_width": undefined,
      "color": undefined,
      "console": undefined,
      "exec_version": undefined,
      "execute_triggered": undefined,
      "flags": {},
      "freeWidgetSpace": undefined,
      "gotFocusAt": undefined,
      "graph": [Circular],
      "has_errors": undefined,
      "id": 1,
      "ignore_remove": undefined,
      "inputs": [],
      "last_serialization": undefined,
      "level": undefined,
      "locked": undefined,
      "lostFocusAt": undefined,
      "mode": 0,
      "mouseOver": undefined,
      "order": 0,
      "outputs": [],
      "posSizeStore": Float32Array [
        10,
        10,
        140,
        60,
      ],
      "posStore": Float32Array [
        10,
        10,
      ],
      "progress": undefined,
      "properties": {},
      "properties_info": [],
      "redraw_on_mouse": undefined,
      "removable": undefined,
      "resizable": undefined,
      "selected": undefined,
      "serialize_widgets": undefined,
      "shapeStore": undefined,
      "showAdvanced": undefined,
      "sizeStore": Float32Array [
        140,
        60,
      ],
      "strokeStyles": {
        "error": [Function],
        "selected": [Function],
      },
      "title": "LGraphNode",
      "title_buttons": [],
      "type": "mustBeSet",
      "widgetSlotsDirty": false,
      "widgets": undefined,
      "widgets_start_y": undefined,
      "widgets_up": undefined,
    },
  },
  "nodes_executable": [],
  "nodes_executedAction": [],
  "nodes_executing": [],
  "nodes_in_order": [
    LGraphNode {
      "action_call": undefined,
      "action_triggered": undefined,
      "badgePosition": "top-left",
      "badges": [],
      "bgcolor": undefined,
      "block_delete": undefined,
      "boxcolor": undefined,
      "clip_area": undefined,
      "clonable": undefined,
      "collapsed_width": undefined,
      "color": undefined,
      "console": undefined,
      "exec_version": undefined,
      "execute_triggered": undefined,
      "flags": {},
      "freeWidgetSpace": undefined,
      "gotFocusAt": undefined,
      "graph": [Circular],
      "has_errors": undefined,
      "id": 1,
      "ignore_remove": undefined,
      "inputs": [],
      "last_serialization": undefined,
      "level": undefined,
      "locked": undefined,
      "lostFocusAt": undefined,
      "mode": 0,
      "mouseOver": undefined,
      "order": 0,
      "outputs": [],
      "posSizeStore": Float32Array [
        10,
        10,
        140,
        60,
      ],
      "posStore": Float32Array [
        10,
        10,
      ],
      "progress": undefined,
      "properties": {},
      "properties_info": [],
      "redraw_on_mouse": undefined,
      "removable": undefined,
      "resizable": undefined,
      "selected": undefined,
      "serialize_widgets": undefined,
      "shapeStore": undefined,
      "showAdvanced": undefined,
      "sizeStore": Float32Array [
        140,
        60,
      ],
      "strokeStyles": {
        "error": [Function],
        "selected": [Function],
      },
      "title": "LGraphNode",
      "title_buttons": [],
      "type": "mustBeSet",
      "widgetSlotsDirty": false,
      "widgets": undefined,
      "widgets_start_y": undefined,
      "widgets_up": undefined,
    },
  ],
  "revision": 0,
  "runningtime": 0,
  "starttime": 0,
  "state": {
    "lastGroupId": 123,
    "lastLinkId": 0,
    "lastNodeId": 1,
    "lastRerouteId": 0,
  },
  "status": 1,
  "subgraphsStore": Map {},
  "vars": {},
  "version": 5,
}
`;

exports[`LGraph configure() > LGraph matches previous snapshot (normal configure() usage) > configuredMinGraph 1`] = `
LGraph {
  "catch_errors": true,
  "config": {},
  "elapsed_time": 0.01,
  "errors_in_execution": undefined,
  "events": CustomEventTarget {},
  "execution_time": undefined,
  "execution_timer_id": undefined,
  "extra": {},
  "filter": undefined,
  "fixedtime": 0,
  "fixedtime_lapse": 0.01,
  "globaltime": 0,
  "groupsStore": [],
  "id": "d175890f-716a-4ece-ba33-1d17a513b7be",
  "iteration": 0,
  "last_trigger_time": undefined,
  "last_update_time": 0,
  "links": Map {},
  "linksStore": Map {},
  "list_of_graphcanvas": null,
  "nodesStore": [],
  "nodes_actioning": [],
  "nodes_by_id": {},
  "nodes_executable": [],
  "nodes_executedAction": [],
  "nodes_executing": [],
  "nodes_in_order": [],
  "revision": 0,
  "runningtime": 0,
  "starttime": 0,
  "state": {
    "lastGroupId": 0,
    "lastLinkId": 0,
    "lastNodeId": 0,
    "lastRerouteId": 0,
  },
  "status": 1,
  "subgraphsStore": Map {},
  "vars": {},
  "version": 2,
}
`;
