// Vitest Snapshot v1, https://vitest.dev/guide/snapshot.html

exports[`LGraph > supports schema v0.4 graphs > oldSchemaGraph 1`] = `
LGraph {
  "catchErrors": true,
  "config": {},
  "elapsedTime": 0.01,
  "errorsInExecution": undefined,
  "events": CustomEventTarget {},
  "executionTime": undefined,
  "executionTimerId": undefined,
  "extra": {},
  "filter": undefined,
  "fixedTimeLapse": 0.01,
  "fixedtime": 0,
  "globaltime": 0,
  "id": "b4e984f1-b421-4d24-b8b4-ff895793af13",
  "iteration": 0,
  "lastTriggerTime": undefined,
  "lastUpdateTime": 0,
  "links": Map {},
  "listOfGraphCanvas": null,
  "nodesActioning": [],
  "nodesExecutedAction": [],
  "nodesExecuting": [],
  "revision": 0,
  "runningtime": 0,
  "starttime": 0,
  "state": {
    "lastGroupId": 123,
    "lastLinkId": 0,
    "lastNodeId": 1,
    "lastRerouteId": 0,
  },
  "status": 1,
  "vars": {},
  "version": 4.4,
}
`;
